ERRORS
======

1. Error in assign(i, value, x@.xData) : invalid first argument
   [SOLUTION] Hash keys should be string.
2. 